
> nsr-desktop@1.0.0 dist
> electron-builder

  • electron-builder  version=25.1.8 os=10.0.26100
  • artifacts will be published if draft release exists  reason=CI detected
  • loaded configuration  file=package.json ("build" field)
  • executing @electron/rebuild  electronVersion=33.4.11 arch=x64 buildFromSource=false appDir=./
  • installing native dependencies  arch=x64
  • completed installing native dependencies
  • packaging       platform=win32 arch=x64 electron=33.4.11 appOutDir=dist\win-unpacked
  • downloading     url=https://github.com/electron/electron/releases/download/v33.4.11/electron-v33.4.11-win32-x64.zip size=115 MB parts=8
  • downloaded      url=https://github.com/electron/electron/releases/download/v33.4.11/electron-v33.4.11-win32-x64.zip duration=481ms
  • updating asar integrity executable resource  executablePath=dist\win-unpacked\NSR Dashboard.exe
  ⨯ Cannot detect repository by .git/config. Please specify "repository" in the package.json (https://docs.npmjs.com/files/package.json#repository).
Please see https://electron.build/publish  failedTask=build stackTrace=Error: Cannot detect repository by .git/config. Please specify "repository" in the package.json (https://docs.npmjs.com/files/package.json#repository).
Please see https://electron.build/publish
    at getInfo (D:\a\nsr-mega-bot\nsr-mega-bot\desktop\node_modules\app-builder-lib\src\publish\PublishManager.ts:550:13)
    at getResolvedPublishConfig (D:\a\nsr-mega-bot\nsr-mega-bot\desktop\node_modules\app-builder-lib\src\publish\PublishManager.ts:559:18)
    at resolvePublishConfigurations (D:\a\nsr-mega-bot\nsr-mega-bot\desktop\node_modules\app-builder-lib\src\publish\PublishManager.ts:442:16)
    at getPublishConfigs (D:\a\nsr-mega-bot\nsr-mega-bot\desktop\node_modules\app-builder-lib\src\publish\PublishManager.ts:416:10)
    at getAppUpdatePublishConfiguration (D:\a\nsr-mega-bot\nsr-mega-bot\desktop\node_modules\app-builder-lib\src\publish\PublishManager.ts:248:73)
    at D:\a\nsr-mega-bot\nsr-mega-bot\desktop\node_modules\app-builder-lib\src\publish\PublishManager.ts:118:29
    at Packager.afterPack (D:\a\nsr-mega-bot\nsr-mega-bot\desktop\node_modules\app-builder-lib\src\packager.ts:560:7)
    at WinPackager.doPack (D:\a\nsr-mega-bot\nsr-mega-bot\desktop\node_modules\app-builder-lib\src\platformPackager.ts:322:5)
    at WinPackager.pack (D:\a\nsr-mega-bot\nsr-mega-bot\desktop\node_modules\app-builder-lib\src\platformPackager.ts:138:5)
    at Packager.doBuild (D:\a\nsr-mega-bot\nsr-mega-bot\desktop\node_modules\app-builder-lib\src\packager.ts:459:9)
    at executeFinally (D:\a\nsr-mega-bot\nsr-mega-bot\desktop\node_modules\builder-util\src\promise.ts:12:14)
    at Packager.build (D:\a\nsr-mega-bot\nsr-mega-bot\desktop\node_modules\app-builder-lib\src\packager.ts:393:31)
    at executeFinally (D:\a\nsr-mega-bot\nsr-mega-bot\desktop\node_modules\builder-util\src\promise.ts:12:14)
